чтений: {'v2': 353, 'kr': 903, 'ooc': 408, 'studio': 296, 'public': 2}
поля ≠ записанным: {} {}
студия, винодельня/кюве/сорт ≠ записанным до Э6 (справочно): {'producer': 15, 'cuvee': 43, 'grapes': 32}
срабатываний правила имени: 24
  'книга'         7  {'kr': 7}  пункт: —
  'львица'        1  {'v2': 1}  пункт: —
  'монда'         1  {'kr': 1}  пункт: —
  'сергей'        1  {'kr': 1}  пункт: —
  'поздний'       1  {'kr': 1}  пункт: —
  'глины'         1  {'kr': 1}  пункт: —
  'блэнд'         1  {'kr': 1}  пункт: —
  'игорь'         1  {'kr': 1}  пункт: —
  'полный'        1  {'ooc': 1}  пункт: —
  'фанагория'     1  {'ooc': 1}  пункт: —
  'кардинал'      1  {'ooc': 1}  пункт: —
  'альфат'        1  {'studio': 1}  пункт: —
  'липки'         1  {'studio': 1}  пункт: —
  'турку'         1  {'studio': 1}  пункт: —
  'алат'          1  {'studio': 1}  пункт: —
  'мерлота'       1  {'studio': 1}  пункт: —
  'мустан'        1  {'studio': 1}  пункт: —
  'год'           1  {'public': 1}  пункт: u
Э7-У строка урожая и возраста: слов 20, уже в словаре правила: ['millesimato', 'millesime', 'vintage', 'выдержка', 'выдержки', 'выдержкой', 'урожай', 'урожая']
  чтений со словом пункта: {'v2': 47, 'kr': 55, 'ooc': 56, 'studio': 14, 'public': 4}
  по словам: {'v2': {'год': 20, 'года': 3, 'урожай': 1, 'millesimato': 2, 'урожая': 19, 'выдержки': 1, 'harvest': 1}, 'kr': {'урожай': 30, 'vintage': 3, 'лет': 1, 'года': 10, 'годы': 1, 'год': 4, 'урожая': 1, 'harvest': 4, 'выдержкой': 1}, 'ooc': {'урожая': 16, 'год': 17, 'урожай': 3, 'лет': 12, 'года': 4, 'выдержка': 4}, 'studio': {'года': 2, 'год': 6, 'урожая': 3, 'урожай': 3}, 'public': {'урожая': 2, 'год': 2}}
  смена цвета/сахара: {'public': 1}
    public scan_q2_1: (None, []) → ('Белое', [])  ПРОИЗВОДСТВЕННО-ЛАГЕРНОЕ ОБЩЕСТВО / МАССАНДА / 1894 / ГОД ОСНОВАНИЯ / ВИНО РОССИИ / МУСКАТЕЛЬ / МАССАНДАРА / БЕЛЫЙ / ГОД УРОЖАЯ / 2023 / Собственное винопроизводство
Э7-О строка объёма и крепости: слов 20, уже в словаре правила: ['крепость', 'объем']
  чтений со словом пункта: {'v2': 35, 'kr': 204, 'ooc': 113, 'studio': 29}
  по словам: {'v2': {'л': 17, 'алк': 2, 'крепость': 1, 'алкоголь': 3, 'мл': 5, 'объем': 6, 'спирт': 1}, 'kr': {'л': 70, 'объем': 29, 'спирт': 17, 'алк': 8, 'vol': 7, 'мл': 21, 'ml': 35, 'cl': 7, 'крепость': 1, 'алкоголь': 7, 'об': 1, 'alc': 1}, 'ooc': {'объем': 29, 'л': 36, 'крепость': 7, 'литр': 5, 'alc': 6, 'мл': 12, 'ml': 3, 'vol': 3, 'спирт': 7, 'об': 4, 'алк': 1}, 'studio': {'литр': 1, 'объем': 3, 'крепость': 1, 'л': 10, 'ml': 4, 'алкоголь': 3, 'мл': 5, 'vol': 1, 'об': 1}}
  смена цвета/сахара: нет
прилагательное не ср. рода + слово пункта рядом: {'v2': {'белый год': 2}, 'public': {'белый год': 1}}
