выгрузка: []
--- t=2 с
pstate, clocks.current.sm [MHz], clocks.current.memory [MHz], clocks.max.sm [MHz], clocks.max.memory [MHz], power.draw [W], power.limit [W], temperature.gpu, utilization.gpu [%], clocks_event_reasons.active
P3, 1005 MHz, 5001 MHz, 2100 MHz, 9501 MHz, 160.34 W, 320.00 W, 51, 90 %, 0x0000000000000001

Timestamp                                              : Wed Sep 23 13:13:06 2026
Driver Version                                         : 610.47 [Deprecated; will be removed in CUDA 14.0. Use KMD Version instead]
CUDA Version                                           : 13.3 [Deprecated; will be removed in CUDA 14.0. Use CUDA UMD Version instead]
KMD Version                                            : 610.47
CUDA UMD Version                                       : 13.3
Attached GPUs                                          : 1
GPU 00000000:0A:00.0
    Performance State                                  : P3
    Clocks Event Reasons
        Idle                                           : Active
        Applications Clocks Setting                    : Not Active
        SW Power Cap                                   : Not Active
        HW Slowdown                                    : Not Active
            HW Thermal Slowdown                        : Not Active
            HW Power Brake Slowdown                    : Not Active
        Sync Boost                                     : Not Active
        SW Thermal Slowdown                            : Not Active
        Display Clock Setting                          : Not Active
    Clocks Event Reasons Counters
        SW Power Capping                               : 1059089615 us
        Sync Boost                                     : 0 us
        SW Thermal Slowdown                            : 0 us
        HW Thermal Slowdown                            : 0 us
        HW Power Braking                               : 0 us
    Sparse Operation Mode                              : N/A
    Clocks
        Graphics                                       : 1005 MHz
        SM                                             : 1005 MHz
        Memory                                         : 5001 MHz
        Video                                          : 1005 MHz
    Applications Clocks
        Graphics                                       : Requested functionality has been deprecated
        Memory                                         : Requested functionality has been deprecated
    Default Applications Clocks
        Graphics                                       : Requested functionality has been deprecated
        Memory                                         : Requested functionality has been deprecated
    Deferred Clocks
        Memory                                         : N/A
    Max Clocks
        Graphics                                       : 2100 MHz
        SM                                             : 2100 MHz
        Memory                                         : 9501 MHz
        Video                                          : 1950 MHz
    Max Customer Boost Clocks
        Graphics                                       : N/A
    SM Clock Samples
        Duration                                       : Not Found
        Number of Samples                              : Not Found
        Max                                            : Not Found
        Min                                            : Not Found
        Avg                                            : Not Found
    Memory Clock Samples
        Duration                                       : Not Found
        Number of Samples                              : Not Found
        Max                                            : Not Found
        Min                                            : Not Found
        Avg                                            : Not Found
    Clock Policy
        Auto Boost                                     : N/A
        Auto Boost Default                             : N/A
--- t=12 с
pstate, clocks.current.sm [MHz], clocks.current.memory [MHz], clocks.max.sm [MHz], clocks.max.memory [MHz], power.draw [W], power.limit [W], temperature.gpu, utilization.gpu [%], clocks_event_reasons.active
P3, 780 MHz, 5001 MHz, 2100 MHz, 9501 MHz, 126.32 W, 320.00 W, 50, 91 %, 0x0000000000000001

Timestamp                                              : Wed Sep 23 13:13:16 2026
Driver Version                                         : 610.47 [Deprecated; will be removed in CUDA 14.0. Use KMD Version instead]
CUDA Version                                           : 13.3 [Deprecated; will be removed in CUDA 14.0. Use CUDA UMD Version instead]
KMD Version                                            : 610.47
CUDA UMD Version                                       : 13.3
Attached GPUs                                          : 1
GPU 00000000:0A:00.0
    Performance State                                  : P3
    Clocks Event Reasons
        Idle                                           : Active
        Applications Clocks Setting                    : Not Active
        SW Power Cap                                   : Not Active
        HW Slowdown                                    : Not Active
            HW Thermal Slowdown                        : Not Active
            HW Power Brake Slowdown                    : Not Active
        Sync Boost                                     : Not Active
        SW Thermal Slowdown                            : Not Active
        Display Clock Setting                          : Not Active
    Clocks Event Reasons Counters
        SW Power Capping                               : 1060442874 us
        Sync Boost                                     : 0 us
        SW Thermal Slowdown                            : 0 us
        HW Thermal Slowdown                            : 0 us
        HW Power Braking                               : 0 us
    Sparse Operation Mode                              : N/A
    Clocks
        Graphics                                       : 780 MHz
        SM                                             : 780 MHz
        Memory                                         : 5001 MHz
        Video                                          : 780 MHz
    Applications Clocks
        Graphics                                       : Requested functionality has been deprecated
        Memory                                         : Requested functionality has been deprecated
    Default Applications Clocks
        Graphics                                       : Requested functionality has been deprecated
        Memory                                         : Requested functionality has been deprecated
    Deferred Clocks
        Memory                                         : N/A
    Max Clocks
        Graphics                                       : 2100 MHz
        SM                                             : 2100 MHz
        Memory                                         : 9501 MHz
        Video                                          : 1950 MHz
    Max Customer Boost Clocks
        Graphics                                       : N/A
    SM Clock Samples
        Duration                                       : Not Found
        Number of Samples                              : Not Found
        Max                                            : Not Found
        Min                                            : Not Found
        Avg                                            : Not Found
    Memory Clock Samples
        Duration                                       : Not Found
        Number of Samples                              : Not Found
        Max                                            : Not Found
        Min                                            : Not Found
        Avg                                            : Not Found
    Clock Policy
        Auto Boost                                     : N/A
        Auto Boost Default                             : N/A
выгрузка после: []
