исключено кадров прошлых GPU-прогонов: 24
кандидатов: 313
M346-orig-0 jpg jpeg 2937772 None True 2548 usadba-markoth-kyuve-blan-shardone-beloe-suhoe-12
M388-orig-0 jpg jpeg 3124956 None True 2259 inkermanskiy-zmv-inkerman-bryut-shardone-beloe-135
M592-orig-0 jpg jpeg 3275722 None True 2554 abrau-dyurso-victor-dravigny-polusuhoe-pino-blan-beloe-12
M186-orig-0 heic heic 1372835 True True 1345 usadba-divnomorskoe-west-hill-blend-kaberne-sovinon-krasnoe-
M193-orig-0 heic heic 1781160 True True 1353 esse-merlo-otbornoe-krasnoe-suhoe-13
M431-orig-0 jpg jpeg 3809386 None True 1549 bryut-beloe-zolotaya-balka
M390-orig-0 jpg jpeg 3306578 None True 1717 polusuhoe-rozovoe-zb-vajn-frizzante
M208-orig-0 heic heic 1328313 True True 1877 alma-valley-kolombar-beloe-polusuhoe-135
L22-orig-0 jpg jpg 321259 None False 1649 abrau-dyurso-victor-dravigny-polusladkoe-sovinon-blan-beloe-
M161-orig-0 jpg heic 2327576 None True 1294 abrau-dyurso-victor-dravigny-extra-brut-shardone-beloe-bryut
M269-orig-0 jpg jpeg 3033141 None True 2123 kuban-vino-shato-tamane-delikeyt-roze-2024-bianka-rozovoe-su
R055-orig-0 portal_webp webp 781150 True True 2120 fanagoriya-zelyonoe-vino-risling-tsitronnyy-magaracha-beloe-
R064-orig-0 portal_webp webp 1067740 True True 2398 roze-2
L45-orig-0 jpg jpg 330775 None True 1201 derbent-vino-graf-vorontsov-bryut-rozovoe-pervenets-magarach
M414-orig-0 jpg jpeg 3296626 None True 2293 wine
M128-orig-0 jpg heic 2601021 None True 1840 kuban-vino-flyor-dyu-syud-ruzh-de-tamane-rubin-golodrigi-kra
M359-orig-0 jpg jpeg 3706134 None True 3582 massandra-muskatel-belyy-belye-sorta-vinograda-beloe-sladkoe
R094-orig-0 portal_webp webp 743158 True True 2843 oleg
R075-orig-0 portal_webp webp 791016 True True 2136 abrau-dyurso-russkoe-igristoe-polusuhoe-rozovoe-pino-nuar-12
R066-orig-0 portal_webp webp 774706 True True 1381 denisov-winery-sovinon-blan-beloe-suhoe-115
вин разных: 20 кадров: 20
по видам: {'portal_webp': 5, 'heic': 3, 'jpg': 12}
источники: {'set_l': 2, 'phone_m': 13, 'portal_real': 5}
