== шаг 2: v2 353 по JPEG, живой сервис с флагом adapter-lw-ranker; null 0
  все 353 по JPEG против реплея с флагом (svc-lw-ranker): совпало 353/353 (100.0 %); живой «то же вино» 330 (строго 311), offline_on 330 (строго 311)
  все 353 по JPEG против реплея без флага (after @1d5b4e9): совпало 317/353 (89.8 %); живой «то же вино» 330 (строго 311), offline_base 315 (строго 307)
    L22-orig-0 [живой/offline_base +/-]: живой abrau-dyurso-victor-dravigny-polusladkoe-sovinon-blan-beloe-12 | offline_base abrau-dyurso-victor-dravigny-bryut | эталон abrau-dyurso-victor-dravigny-polusladkoe-sovinon-blan-beloe-12
    M106-orig-0 [живой/offline_base +/-]: живой koldun-beloe-suhoe | offline_base shato-pino-koldun-krasnyy-merlo-krasnoe-suhoe-14 | эталон koldun-beloe-suhoe
    M107-orig-0 [живой/offline_base -/-]: живой vinodelnya-uzunov-mono-saperavi-krasnoe-suhoe-139 | offline_base saperavi-premium | эталон derbent-vino-kavkazian-saperavi-krasnoe-suhoe-105-125
    M112-orig-0 [живой/offline_base +/-]: живой shato-pino-shardone-risling-beloe-suhoe-12 | offline_base shato-pino-kaberne-sovinon-merlo-krasnoe-suhoe-135 | эталон shato-pino-shardone-risling-beloe-suhoe-12
    M154-orig-0 [живой/offline_base +/+]: живой abrau-dyurso-brut-dor-blanc-de-blancs-shardone-beloe-bryut-125 | offline_base abrau-dyurso-brut-dor-blanc-de-blancs-shardone-beloe-bryut-12 | эталон abrau-dyurso-brut-dor-blanc-de-blancs-shardone-beloe-bryut-12
    M156-orig-0 [живой/offline_base +/+]: живой abrau-dyurso-brut-dor-blanc-de-noirs-pino-nuar-beloe-bryut-125 | offline_base abrau-dyurso-brut-dor-blanc-de-noirs-pino-nuar-beloe-bryut-115 | эталон abrau-dyurso-brut-dor-blanc-de-noirs-pino-nuar-beloe-bryut-115
    M157-orig-0 [живой/offline_base -/+]: живой abrau-dyurso-abrau-durso-brut-rose-reserve-pino-nuar-beloe-bryut-12 | offline_base abrau-dyurso-abrau-durso-reserve-brut-shardone-beloe-bryut-115 | эталон abrau-dyurso-abrau-durso-reserve-brut-shardone-beloe-bryut-115
    M158-orig-0 [живой/offline_base -/+]: живой abrau-dyurso-abrau-durso-brut-rose-reserve-pino-nuar-beloe-bryut-12 | offline_base abrau-dyurso-abrau-durso-reserve-brut-shardone-beloe-bryut-115 | эталон abrau-dyurso-abrau-durso-reserve-brut-shardone-beloe-bryut-115
    M162-orig-0 [живой/offline_base +/-]: живой aristov-kyuve-aleksandr-blan-de-blan | offline_base aristov-kyuve-aleksandr-blan-de-nuar | эталон aristov-kyuve-aleksandr-blan-de-blan
    M165-orig-0 [живой/offline_base +/-]: живой aristov-anima-millesimato-beloe-bryut | offline_base aristov-anima-millesimato | эталон aristov-anima-millesimato-beloe-bryut
    M169-orig-0 [живой/offline_base +/+]: живой suhoe-beloe-zb-vajn-frizzante | offline_base zolotaya-balka-zb-frizzante-dry-risling-beloe-suhoe-10 | эталон zolotaya-balka-zb-frizzante-dry-risling-beloe-suhoe-10
    M173-orig-0 [живой/offline_base +/-]: живой polusladkoe-beloe-zolotaya-balka | offline_base perovskih_rose | эталон polusladkoe-beloe-zolotaya-balka
    M213-orig-0 [живой/offline_base +/+]: живой polusuhoe-rozovoe-zb-vajn-frizzante | offline_base zolotaya-balka-zb-frizzante-semi-dry-rose-risling-rozovoe-polusuhoe-10 | эталон zolotaya-balka-zb-frizzante-semi-dry-rose-risling-rozovoe-polusuhoe-10
    M219-orig-0 [живой/offline_base +/+]: живой pomeste-golubitskoe-tte-de-cheval-blanc-de-blancs-shardone-beloe-bryut-12 | offline_base golubitskoe-estate-tte-de-cheval-blanc-de-blancs-shardone-beloe-bryut-12 | эталон golubitskoe-estate-tte-de-cheval-blanc-de-blancs-shardone-beloe-bryut-12
    M233-orig-0 [живой/offline_base +/-]: живой abrau-dyurso-imperatorskoe-polusuhoe-shardone-beloe-12 | offline_base abrau-dyurso-udelnoe-vedomstvo-imperatorskoe-beloe-polusladkoe | эталон abrau-dyurso-imperatorskoe-polusuhoe-shardone-beloe-12
    M281-orig-0 [живой/offline_base +/-]: живой massandra-portveyn-krasnyy-alushta-krasnye-sorta-vinograda-krasnoe-sladkoe-17 | offline_base massandra-portveyn-krasnyy-livadiya-kaberne-sovinon-krasnoe-sladkoe-185 | эталон massandra-portveyn-krasnyy-alushta-krasnye-sorta-vinograda-krasnoe-sladkoe-17
    M337-orig-0 [живой/offline_base -/+]: живой vinodelnya-krinitsa-arena-sira-krasnoe-suhoe-13 | offline_base vinodelnya-krinitsa-azyur-risling-beloe-suhoe-127 | эталон vinodelnya-krinitsa-azyur-risling-beloe-suhoe-127
    M344-orig-0 [живой/offline_base +/-]: живой koldun-beloe-suhoe | offline_base shato-pino-koldun-krasnyy-merlo-krasnoe-suhoe-14 | эталон koldun-beloe-suhoe
    M345-orig-0 [живой/offline_base +/-]: живой koldun-beloe-suhoe | offline_base shato-pino-koldun-krasnyy-merlo-krasnoe-suhoe-14 | эталон koldun-beloe-suhoe
    M360-orig-0 [живой/offline_base +/-]: живой massandra-portveyn-belyy-alushta-belye-sorta-vinograda-beloe-sladkoe-17 | offline_base massandra-portveyn-belyy-gurzuf-kokur-belyy-beloe-sladkoe-135 | эталон massandra-portveyn-belyy-alushta-belye-sorta-vinograda-beloe-sladkoe-17
    M378-orig-0 [живой/offline_base +/-]: живой kuban-vino-shato-tamane-rkatsiteli-myuller-turgau-shardone-2025-beloe-suhoe-12 | offline_base molodoe-shato-taman | эталон kuban-vino-shato-tamane-rkatsiteli-myuller-turgau-shardone-2025-beloe-suhoe-12
    M389-orig-0 [живой/offline_base +/+]: живой zb-vajn-moskato-polusladkoe-beloe | offline_base zb-wine-moscato-beloe-polusladkoe | эталон zb-wine-moscato-beloe-polusladkoe
    M390-orig-0 [живой/offline_base +/+]: живой polusuhoe-rozovoe-zb-vajn-frizzante | offline_base zolotaya-balka-zb-frizzante-semi-dry-rose-risling-rozovoe-polusuhoe-10 | эталон zolotaya-balka-zb-frizzante-semi-dry-rose-risling-rozovoe-polusuhoe-10
    M406-orig-0 [живой/offline_base +/+]: живой zb-vajn-moskato-polusladkoe-rozovoe | offline_base zolotaya-balka-zb-moscato-semi-sweet-rose-muskat-yantarnyy-rozovoe-polusladkoe-9 | эталон zolotaya-balka-zb-moscato-semi-sweet-rose-muskat-yantarnyy-rozovoe-polusladkoe-9
    M407-orig-0 [живой/offline_base +/+]: живой zb-vajn-spumante-bryut-beloe | offline_base zolotaya-balka-zb-spumante-brut-risling-beloe-bryut-125 | эталон zolotaya-balka-zb-spumante-brut-risling-beloe-bryut-125
    M408-orig-0 [живой/offline_base +/+]: живой polusuhoe-rozovoe-zb-vajn-frizzante | offline_base zolotaya-balka-zb-frizzante-semi-dry-rose-risling-rozovoe-polusuhoe-10 | эталон zolotaya-balka-zb-frizzante-semi-dry-rose-risling-rozovoe-polusuhoe-10
    M432-orig-0 [живой/offline_base +/+]: живой zb-vajn-spumante-polusuhoe-beloe | offline_base zolotaya-balka-zb-spumante-semi-dry-risling-beloe-polusuhoe-125 | эталон zolotaya-balka-zb-spumante-semi-dry-risling-beloe-polusuhoe-125
    M437-orig-0 [живой/offline_base +/-]: живой abrau-dyurso-imperatorskoe-polusuhoe-shardone-beloe-12 | offline_base abrau-dyurso-udelnoe-vedomstvo-imperatorskoe-beloe-bryut | эталон abrau-dyurso-imperatorskoe-polusuhoe-shardone-beloe-12
    M439-orig-0 [живой/offline_base +/-]: живой abrau-dyurso-imperatorskoe-bryut-shardone-beloe-12 | offline_base abrau-dyurso-udelnoe-vedomstvo-imperatorskoe-beloe-bryut | эталон abrau-dyurso-imperatorskoe-bryut-shardone-beloe-12
    M457-orig-0 [живой/offline_base +/-]: живой massandra-portveyn-krasnyy-alushta-krasnye-sorta-vinograda-krasnoe-sladkoe-17 | offline_base massandra-portveyn-krasnyy-livadiya-kaberne-sovinon-krasnoe-sladkoe-185 | эталон massandra-portveyn-krasnyy-alushta-krasnye-sorta-vinograda-krasnoe-sladkoe-17
    M532-orig-0 [живой/offline_base +/-]: живой vinodelnya-vedernikov-sibirkovyy-beloe-suhoe-11 | offline_base vinodelnya-vedernikov-vedernikov-dolina-dona-beloe-suhoe-aligote-12 | эталон vinodelnya-vedernikov-sibirkovyy-beloe-suhoe-11
    M549-orig-0 [живой/offline_base +/-]: живой inkerman-shato-blan | offline_base winemaker-selection | эталон inkerman-shato-blan
    M556-orig-0 [живой/offline_base +/-]: живой soyuz-vino-mosavali-rkatsiteli-beloe-polusladkoe-11 | offline_base perovskih_polusladkoe_beloe | эталон soyuz-vino-mosavali-rkatsiteli-beloe-polusladkoe-11
    M586-orig-0 [живой/offline_base +/-]: живой abrau-dyurso-imperatorskoe-polusuhoe-shardone-beloe-12 | offline_base abrau-dyurso-udelnoe-vedomstvo-imperatorskoe-beloe-polusladkoe | эталон abrau-dyurso-imperatorskoe-polusuhoe-shardone-beloe-12
    R084-orig-0 [живой/offline_base -/-]: живой merlo-litavshhuk | offline_base vinodelnya-begildeeva-kaberne-sovinon-krasnoe-suhoe-14 | эталон kaberne-sovinon-3
    R096-orig-0 [живой/offline_base -/+]: живой denisov_pino_noir_klaret | offline_base denisov_rubin_klaret_krasnaya_strelka | эталон denisov_rubin_klaret_krasnaya_strelka
  итог v2: R на оригиналах + M + L против реплея с флагом: совпало 353/353 (100.0 %); живой «то же вино» 330 (строго 311), offline_on 330 (строго 311)
  задержка живого (JPEG 353), мс: {'n': 353, 'p50': 1561, 'p95_rank': 2003, 'max': 2641, 'over_3000': 0}
ИТОГ шага 2: совпало (>= 98 %, null 0)
