база: <временная папка>
ветка: <корень>\svs-e2
модель ['s2so400m-vlm35-goal.json', 's2so400m-vlm35-goal.json'], gt ['bf6a8823a45004b1e13e586e5a92e05b8beb07b0', 'bf6a8823a45004b1e13e586e5a92e05b8beb07b0']
pfix_final primary: кадров 353; база = офлайн H5 353; ветка = база (как есть, весь ответ) 353
pfix_final all: кадров 353; база = офлайн H5 353; ветка = база (как есть, весь ответ) 353
pfix_final: база как есть, «то же вино» на основных — 305
  PRIMARY timeout: L 17→17/20 (нетто +0, +0/−0, строго 17→17); M 183→194/268 (нетто +11, +19/−8, строго 173→183); R 51→53/65 (нетто +2, +4/−2, строго 48→50); all 251→264/353 (нетто +13, +23/−10, строго 238→250); ответ = CV top-1 353, null 0
  unavailable: L 17→17/20 (нетто +0, +0/−0, строго 17→17); M 183→194/268 (нетто +11, +19/−8, строго 173→183); R 51→53/65 (нетто +2, +4/−2, строго 48→50); all 251→264/353 (нетто +13, +23/−10, строго 238→250); ответ = CV top-1 353, null 0
  error: L 17→17/20 (нетто +0, +0/−0, строго 17→17); M 183→194/268 (нетто +11, +19/−8, строго 173→183); R 51→53/65 (нетто +2, +4/−2, строго 48→50); all 251→264/353 (нетто +13, +23/−10, строго 238→250); ответ = CV top-1 353, null 0
  empty: L 17→17/20 (нетто +0, +0/−0, строго 17→17); M 183→194/268 (нетто +11, +19/−8, строго 173→183); R 51→53/65 (нетто +2, +4/−2, строго 48→50); all 251→264/353 (нетто +13, +23/−10, строго 238→250); ответ = CV top-1 353, null 0
  exception: L 17→17/20 (нетто +0, +0/−0, строго 17→17); M 183→194/268 (нетто +11, +19/−8, строго 173→183); R 51→53/65 (нетто +2, +4/−2, строго 48→50); all 251→264/353 (нетто +13, +23/−10, строго 238→250); ответ = CV top-1 353, null 0
kr_holdout primary: кадров 617; база = офлайн H5 617; ветка = база (как есть, весь ответ) 617
kr_holdout all: кадров 903; база = офлайн H5 903; ветка = база (как есть, весь ответ) 903
kr_holdout: база как есть, «то же вино» на основных — 542
  PRIMARY timeout: K 514→528/617 (нетто +14, +15/−1, строго 482→504); all 514→528/617 (нетто +14, +15/−1, строго 482→504); ответ = CV top-1 903, null 0
  unavailable: K 514→528/617 (нетто +14, +15/−1, строго 482→504); all 514→528/617 (нетто +14, +15/−1, строго 482→504); ответ = CV top-1 903, null 0
  error: K 514→528/617 (нетто +14, +15/−1, строго 482→504); all 514→528/617 (нетто +14, +15/−1, строго 482→504); ответ = CV top-1 903, null 0
  empty: K 514→528/617 (нетто +14, +15/−1, строго 482→504); all 514→528/617 (нетто +14, +15/−1, строго 482→504); ответ = CV top-1 903, null 0
  exception: K 514→528/617 (нетто +14, +15/−1, строго 482→504); all 514→528/617 (нетто +14, +15/−1, строго 482→504); ответ = CV top-1 903, null 0
ПРИНЯТО (1)+(2)
