# Повтор замера Э2 на слитом коде (25.09): база — acc-freeze @e266d2a (Э1 + Э4 + Э3), ветка —
# acc-freeze-e2 (+ acc-e2); эталон 899d5db3 у обеих сторон; входы — дампы pfix_final и kr_holdout.
#   python research/2026-09-25_acc/e2_replay.py answers --code <svs-freeze>    --out base.json
#   python research/2026-09-25_acc/e2_replay.py answers --code <svs-freeze-e2> --out new.json
#   python research/2026-09-25_acc/e2_replay.py compare --base base.json --new new.json --out ...
# Ворота Э2 держатся: (1) как есть ветка = база, весь ответ, 353/353, 617/617, 903/903;
# (2) пустое чтение — те же числа, что у замера Э2 на @7b76247 (v2 +23/−10, R +4/−2, kr +15/−1),
# ответ = CV top-1, null 0. «НЕ ПРИНЯТО» в последней строке — только от входного контроля
# «база = офлайн H5 дампа»: дамп снят кодом до Э1/Э4, и база acc-freeze по построению
# отличается от него на кадрах P1 (M214, M410, M422, M425, M459, M460, K0266, K0424), Э4 (M596) и
# R094 (поля дампа разобраны старым словарём, а у oleg в эталоне Э4 сорт обнулён; в сквозном
# scan() со своим словарём ответ R094 прежний — freeze_gate.json). Это не условие PREREG_E2.
база: <корень>\svs-freeze
ветка: <корень>\svs-freeze-e2
модель ['s2so400m-vlm35-goal.json', 's2so400m-vlm35-goal.json'], gt ['899d5db3747fd315b7c8bfedf121f6ae79799061', '899d5db3747fd315b7c8bfedf121f6ae79799061']
pfix_final primary: кадров 353; база = офлайн H5 345; ветка = база (как есть, весь ответ) 353; расхождения ['M214-orig-0', 'M410-orig-0', 'M422-orig-0', 'M425-orig-0', 'M459-orig-0', 'M460-orig-0', 'M596-orig-0', 'R094-orig-0'] []
pfix_final all: кадров 353; база = офлайн H5 345; ветка = база (как есть, весь ответ) 353; расхождения ['M214-orig-0', 'M410-orig-0', 'M422-orig-0', 'M425-orig-0', 'M459-orig-0', 'M460-orig-0', 'M596-orig-0', 'R094-orig-0'] []
pfix_final: база как есть, «то же вино» на основных — 311
  PRIMARY timeout: L 17→17/20 (нетто +0, +0/−0, строго 17→17); M 183→194/268 (нетто +11, +19/−8, строго 173→183); R 51→53/65 (нетто +2, +4/−2, строго 48→50); all 251→264/353 (нетто +13, +23/−10, строго 238→250); ответ = CV top-1 353, null 0
  unavailable: L 17→17/20 (нетто +0, +0/−0, строго 17→17); M 183→194/268 (нетто +11, +19/−8, строго 173→183); R 51→53/65 (нетто +2, +4/−2, строго 48→50); all 251→264/353 (нетто +13, +23/−10, строго 238→250); ответ = CV top-1 353, null 0
  error: L 17→17/20 (нетто +0, +0/−0, строго 17→17); M 183→194/268 (нетто +11, +19/−8, строго 173→183); R 51→53/65 (нетто +2, +4/−2, строго 48→50); all 251→264/353 (нетто +13, +23/−10, строго 238→250); ответ = CV top-1 353, null 0
  empty: L 17→17/20 (нетто +0, +0/−0, строго 17→17); M 183→194/268 (нетто +11, +19/−8, строго 173→183); R 51→53/65 (нетто +2, +4/−2, строго 48→50); all 251→264/353 (нетто +13, +23/−10, строго 238→250); ответ = CV top-1 353, null 0
  exception: L 17→17/20 (нетто +0, +0/−0, строго 17→17); M 183→194/268 (нетто +11, +19/−8, строго 173→183); R 51→53/65 (нетто +2, +4/−2, строго 48→50); all 251→264/353 (нетто +13, +23/−10, строго 238→250); ответ = CV top-1 353, null 0
kr_holdout primary: кадров 617; база = офлайн H5 616; ветка = база (как есть, весь ответ) 617; расхождения ['K0266-orig-0'] []
kr_holdout all: кадров 903; база = офлайн H5 901; ветка = база (как есть, весь ответ) 903; расхождения ['K0266-orig-0', 'K0424-orig-0'] []
kr_holdout: база как есть, «то же вино» на основных — 543
  PRIMARY timeout: K 514→528/617 (нетто +14, +15/−1, строго 482→504); all 514→528/617 (нетто +14, +15/−1, строго 482→504); ответ = CV top-1 903, null 0
  unavailable: K 514→528/617 (нетто +14, +15/−1, строго 482→504); all 514→528/617 (нетто +14, +15/−1, строго 482→504); ответ = CV top-1 903, null 0
  error: K 514→528/617 (нетто +14, +15/−1, строго 482→504); all 514→528/617 (нетто +14, +15/−1, строго 482→504); ответ = CV top-1 903, null 0
  empty: K 514→528/617 (нетто +14, +15/−1, строго 482→504); all 514→528/617 (нетто +14, +15/−1, строго 482→504); ответ = CV top-1 903, null 0
  exception: K 514→528/617 (нетто +14, +15/−1, строго 482→504); all 514→528/617 (нетто +14, +15/−1, строго 482→504); ответ = CV top-1 903, null 0
НЕ ПРИНЯТО
